<html>
<body>
<pre>
<h1>µVision Build Log</h1>
<h2>Tool Versions:</h2>
IDE-Version: ¦ÌVision V5.14.2
Copyright (C) 2015 ARM Ltd and ARM Germany GmbH. All rights reserved.
License Information: Cortex-M3, sdf, LIC=CRMKP-M46YQ-ZCHJY-IJEI5-ST45N-ZN3AJ
 
Tool Versions:
Toolchain:       MDK-ARM Professional  Version: 5.20
Toolchain Path:  F:\Program Files\keil\ARM\ARMCC\Bin
C Compiler:      Armcc.exe V5.06 update 2 (build 183)
Assembler:       Armasm.exe V5.06 update 2 (build 183)
Linker/Locator:  ArmLink.exe V5.06 update 2 (build 183)
Library Manager: ArmAr.exe V5.06 update 2 (build 183)
Hex Converter:   FromElf.exe V5.06 update 2 (build 183)
CPU DLL:         SARMCM3.DLL V5.20
Dialog DLL:      DCM.DLL V1.13.7.0
Target DLL:      STLink\ST-LINKIII-KEIL_SWO.dll V2.0.18.0
Dialog DLL:      TCM.DLL V1.14.9.0
 
<h2>Project:</h2>
D:\32file\MOTORMEASURE_PRJ\motor_measure\SoftWare\MOTMEA1.0_PRJ\PROJECT\MOTORMEASURE_PRJ.uvprojx
Project File Date:  06/05/2017

<h2>Output:</h2>
*** Using Compiler 'V5.06 update 2 (build 183)', folder: 'F:\Program Files\keil\ARM\ARMCC\Bin'
Rebuild target 'Target 1'
compiling main.c...
compiling sys_manager.c...
compiling message_analysis.c...
..\USER\message_analysis.c(372): warning:  #177-D: variable "i" was declared but never referenced
        u8  i;
..\USER\message_analysis.c(373): warning:  #550-D: variable "dataNum" was set but never used
        u8  dataNum;
..\USER\message_analysis.c(377): warning:  #177-D: variable "intData" was declared but never referenced
        u32 intData;
..\USER\message_analysis.c(456): warning:  #177-D: variable "i" was declared but never referenced
        static u16 i;
..\USER\message_analysis.c(457): warning:  #550-D: variable "t" was set but never used
        u16 t;
..\USER\message_analysis.c: 5 warnings, 0 errors
compiling message_send.c...
compiling data_init.c...
compiling stm32f10x_it.c...
compiling stm32f10x_rcc.c...
compiling stm32f10x_gpio.c...
compiling stm32f10x_usart.c...
compiling misc.c...
compiling core_cm3.c...
compiling system_stm32f10x.c...
compiling LED_buzzer.c...
compiling screen.c...
..\HARDWARE\screen.c(26): warning:  #1-D: last line of file ends without a newline
   
..\HARDWARE\screen.c: 1 warning, 0 errors
compiling usart.c...
assembling startup_stm32f10x_md.s...
linking...
Program Size: Code=3792 RO-data=268 RW-data=28 ZI-data=3380  
FromELF: creating hex file...
".\Objects\MOTORMEASURE_PRJ.axf" - 0 Error(s), 6 Warning(s).

<h2>Collection of Component include folders:</h2>
  D:\32file\MOTORMEASURE_PRJ\motor_measure\SoftWare\MOTMEA1.0_PRJ\PROJECT\RTE
  F:\Program Files\keil\ARM\PACK\Keil\STM32F1xx_DFP\2.1.0\Device\Include

<h2>Collection of Component Files used:</h2>
</pre>
</body>
</html>
