Component: ARM Compiler 5.06 update 2 (build 183) Tool: armlink [4d35b7]

==============================================================================

Section Cross References

    main.o(i.main) refers to sys_manager.o(i.sys_manager_init) for sys_manager_init
    main.o(i.main) refers to sys_manager.o(i.sys_manager_handle) for sys_manager_handle
    sys_manager.o(i.sys_manager_handle) refers to message_analysis.o(i.usart_analysis_handle) for usart_analysis_handle
    sys_manager.o(i.sys_manager_handle) refers to message_send.o(i.usart_send_handle) for usart_send_handle
    sys_manager.o(i.sys_manager_handle) refers to user_control.o(i.user_control_handle) for user_control_handle
    sys_manager.o(i.sys_manager_init) refers to data_init.o(i.data_init) for data_init
    sys_manager.o(i.sys_manager_init) refers to usart.o(i.usart_init) for usart_init
    sys_manager.o(i.sys_manager_init) refers to led_buzzer.o(i.LED_buzzer_init) for LED_buzzer_init
    sys_manager.o(i.sys_manager_init) refers to screen.o(i.screen_init) for screen_init
    sys_manager.o(i.sys_manager_init) refers to message_analysis.o(i.parser_init) for parser_init
    sys_manager.o(i.sys_manager_init) refers to misc.o(i.NVIC_PriorityGroupConfig) for NVIC_PriorityGroupConfig
    message_analysis.o(i.get_parser_buffers_length) refers to message_analysis.o(.bss) for ParserMoniter
    message_analysis.o(i.get_usart_buffers_length) refers to usart.o(.bss) for UsartRxBuffer
    message_analysis.o(i.parser_init) refers to rt_memclr.o(.text) for __aeabi_memclr
    message_analysis.o(i.parser_init) refers to message_analysis.o(.bss) for ParserMoniter
    message_analysis.o(i.parser_moniter_add_buff) refers to message_analysis.o(i.get_usart_buffers_length) for get_usart_buffers_length
    message_analysis.o(i.parser_moniter_add_buff) refers to usart.o(.bss) for UsartRxBuffer
    message_analysis.o(i.parser_moniter_add_buff) refers to message_analysis.o(.bss) for ParserMoniter
    message_analysis.o(i.parser_rec_bar_data_deal) refers to message_analysis.o(.bss) for ParserMoniter
    message_analysis.o(i.parser_rec_bar_data_deal) refers to sys_manager.o(.bss) for testingInformation
    message_analysis.o(i.parser_rec_bitmap_data_deal) refers to message_analysis.o(.bss) for ParserMoniter
    message_analysis.o(i.parser_rec_bitmap_data_deal) refers to sys_manager.o(.bss) for testingInformation
    message_analysis.o(i.parser_rec_date_data_deal) refers to message_analysis.o(.bss) for ParserMoniter
    message_analysis.o(i.parser_rec_date_data_deal) refers to sys_manager.o(.bss) for beginInformation
    message_analysis.o(i.parser_rec_int_data_deal) refers to message_analysis.o(.bss) for ParserMoniter
    message_analysis.o(i.parser_rec_int_data_deal) refers to sys_manager.o(.bss) for configInformation
    message_analysis.o(i.parser_rec_page_data_deal) refers to message_analysis.o(.bss) for ParserMoniter
    message_analysis.o(i.parser_rec_page_data_deal) refers to sys_manager.o(.data) for globalInformation
    message_analysis.o(i.parser_rec_select_data_deal) refers to message_analysis.o(.bss) for ParserMoniter
    message_analysis.o(i.parser_rec_select_data_deal) refers to sys_manager.o(.bss) for configInformation
    message_analysis.o(i.parser_rec_string_data_deal) refers to message_analysis.o(.bss) for ParserMoniter
    message_analysis.o(i.parser_rec_string_data_deal) refers to sys_manager.o(.bss) for configInformation
    message_analysis.o(i.parser_rec_time_data_deal) refers to message_analysis.o(.bss) for ParserMoniter
    message_analysis.o(i.parser_rec_time_data_deal) refers to sys_manager.o(.bss) for beginInformation
    message_analysis.o(i.serial_parser_comm_analysis) refers to message_analysis.o(i.parser_rec_page_data_deal) for parser_rec_page_data_deal
    message_analysis.o(i.serial_parser_comm_analysis) refers to message_analysis.o(i.parser_rec_int_data_deal) for parser_rec_int_data_deal
    message_analysis.o(i.serial_parser_comm_analysis) refers to message_analysis.o(i.parser_rec_string_data_deal) for parser_rec_string_data_deal
    message_analysis.o(i.serial_parser_comm_analysis) refers to message_analysis.o(i.parser_rec_bitmap_data_deal) for parser_rec_bitmap_data_deal
    message_analysis.o(i.serial_parser_comm_analysis) refers to message_analysis.o(i.parser_rec_select_data_deal) for parser_rec_select_data_deal
    message_analysis.o(i.serial_parser_comm_analysis) refers to message_analysis.o(i.parser_rec_bar_data_deal) for parser_rec_bar_data_deal
    message_analysis.o(i.serial_parser_comm_analysis) refers to message_analysis.o(i.parser_rec_time_data_deal) for parser_rec_time_data_deal
    message_analysis.o(i.serial_parser_comm_analysis) refers to message_analysis.o(i.parser_rec_date_data_deal) for parser_rec_date_data_deal
    message_analysis.o(i.serial_parser_comm_analysis) refers to message_analysis.o(.bss) for ParserMoniter
    message_analysis.o(i.usart_analysis_handle) refers to message_analysis.o(i.parser_moniter_add_buff) for parser_moniter_add_buff
    message_analysis.o(i.usart_analysis_handle) refers to message_analysis.o(i.get_parser_buffers_length) for get_parser_buffers_length
    message_analysis.o(i.usart_analysis_handle) refers to message_analysis.o(i.serial_parser_comm_analysis) for serial_parser_comm_analysis
    message_analysis.o(i.usart_analysis_handle) refers to message_send.o(i.write_char) for write_char
    message_analysis.o(i.usart_analysis_handle) refers to message_send.o(i.write_int) for write_int
    message_analysis.o(i.usart_analysis_handle) refers to message_analysis.o(.bss) for ParserMoniter
    message_analysis.o(i.usart_analysis_handle) refers to sys_manager.o(.bss) for configInformation
    message_send.o(i.dma_usart_tx_handle) refers to dma.o(i.dma_usart_tx) for dma_usart_tx
    message_send.o(i.dma_usart_tx_handle) refers to usart.o(.bss) for UsartTxBuffer
    message_send.o(i.frame_complete_tx) refers to message_send.o(i.usart_tx) for usart_tx
    message_send.o(i.usart_send_handle) refers to dma.o(i.dma_usart_chek_tx_state) for dma_usart_chek_tx_state
    message_send.o(i.usart_send_handle) refers to message_send.o(i.dma_usart_tx_handle) for dma_usart_tx_handle
    message_send.o(i.usart_tx) refers to rt_memcpy_v6.o(.text) for __aeabi_memcpy
    message_send.o(i.usart_tx) refers to usart.o(.bss) for UsartTxBuffer
    message_send.o(i.write_bar) refers to message_send.o(i.frame_complete_tx) for frame_complete_tx
    message_send.o(i.write_bitmap) refers to message_send.o(i.frame_complete_tx) for frame_complete_tx
    message_send.o(i.write_char) refers to message_send.o(i.frame_complete_tx) for frame_complete_tx
    message_send.o(i.write_control_state) refers to message_send.o(i.frame_complete_tx) for frame_complete_tx
    message_send.o(i.write_date) refers to message_send.o(i.frame_complete_tx) for frame_complete_tx
    message_send.o(i.write_int) refers to message_send.o(i.frame_complete_tx) for frame_complete_tx
    message_send.o(i.write_page_num) refers to message_send.o(i.frame_complete_tx) for frame_complete_tx
    message_send.o(i.write_select_position) refers to message_send.o(i.frame_complete_tx) for frame_complete_tx
    message_send.o(i.write_select_val) refers to message_send.o(i.frame_complete_tx) for frame_complete_tx
    message_send.o(i.write_time) refers to message_send.o(i.frame_complete_tx) for frame_complete_tx
    data_init.o(i.data_init) refers to rt_memclr.o(.text) for __aeabi_memclr
    data_init.o(i.data_init) refers to rt_memclr_w.o(.text) for __aeabi_memclr4
    data_init.o(i.data_init) refers to sys_manager.o(.data) for globalInformation
    data_init.o(i.data_init) refers to sys_manager.o(.bss) for testingInformation
    user_control.o(i.user_control_handle) refers to sys_manager.o(.data) for globalInformation
    stm32f10x_rcc.o(i.RCC_GetClocksFreq) refers to stm32f10x_rcc.o(.data) for APBAHBPrescTable
    stm32f10x_rcc.o(i.RCC_WaitForHSEStartUp) refers to stm32f10x_rcc.o(i.RCC_GetFlagStatus) for RCC_GetFlagStatus
    stm32f10x_gpio.o(i.GPIO_AFIODeInit) refers to stm32f10x_rcc.o(i.RCC_APB2PeriphResetCmd) for RCC_APB2PeriphResetCmd
    stm32f10x_gpio.o(i.GPIO_DeInit) refers to stm32f10x_rcc.o(i.RCC_APB2PeriphResetCmd) for RCC_APB2PeriphResetCmd
    stm32f10x_usart.o(i.USART_DeInit) refers to stm32f10x_rcc.o(i.RCC_APB2PeriphResetCmd) for RCC_APB2PeriphResetCmd
    stm32f10x_usart.o(i.USART_DeInit) refers to stm32f10x_rcc.o(i.RCC_APB1PeriphResetCmd) for RCC_APB1PeriphResetCmd
    stm32f10x_usart.o(i.USART_Init) refers to stm32f10x_rcc.o(i.RCC_GetClocksFreq) for RCC_GetClocksFreq
    stm32f10x_usart.o(i.USART_SendData) refers to stm32f10x_usart.o(i.USART_GetFlagStatus) for USART_GetFlagStatus
    system_stm32f10x.o(i.SetSysClock) refers to system_stm32f10x.o(i.SetSysClockTo72) for SetSysClockTo72
    system_stm32f10x.o(i.SystemCoreClockUpdate) refers to system_stm32f10x.o(.data) for SystemCoreClock
    system_stm32f10x.o(i.SystemInit) refers to system_stm32f10x.o(i.SetSysClock) for SetSysClock
    led_buzzer.o(i.LED_buzzer_init) refers to stm32f10x_rcc.o(i.RCC_APB2PeriphClockCmd) for RCC_APB2PeriphClockCmd
    led_buzzer.o(i.LED_buzzer_init) refers to stm32f10x_gpio.o(i.GPIO_Init) for GPIO_Init
    led_buzzer.o(i.LED_buzzer_init) refers to stm32f10x_gpio.o(i.GPIO_SetBits) for GPIO_SetBits
    led_buzzer.o(i.LED_buzzer_init) refers to stm32f10x_gpio.o(i.GPIO_ResetBits) for GPIO_ResetBits
    usart.o(i.USART1_IRQHandler) refers to stm32f10x_usart.o(i.USART_GetITStatus) for USART_GetITStatus
    usart.o(i.USART1_IRQHandler) refers to stm32f10x_usart.o(i.USART_ReceiveData) for USART_ReceiveData
    usart.o(i.USART1_IRQHandler) refers to usart.o(.bss) for UsartRxBuffer
    usart.o(i.usart_data_init) refers to rt_memclr.o(.text) for __aeabi_memclr
    usart.o(i.usart_data_init) refers to usart.o(.bss) for UsartRxBuffer
    usart.o(i.usart_init) refers to usart.o(i.usart_data_init) for usart_data_init
    usart.o(i.usart_init) refers to stm32f10x_rcc.o(i.RCC_APB2PeriphClockCmd) for RCC_APB2PeriphClockCmd
    usart.o(i.usart_init) refers to stm32f10x_gpio.o(i.GPIO_Init) for GPIO_Init
    usart.o(i.usart_init) refers to misc.o(i.NVIC_Init) for NVIC_Init
    usart.o(i.usart_init) refers to stm32f10x_usart.o(i.USART_Init) for USART_Init
    usart.o(i.usart_init) refers to stm32f10x_usart.o(i.USART_ITConfig) for USART_ITConfig
    usart.o(i.usart_init) refers to stm32f10x_usart.o(i.USART_Cmd) for USART_Cmd
    usart.o(i.usart_init) refers to rt_memclr.o(.text) for __aeabi_memclr
    usart.o(i.usart_init) refers to dma.o(i.usart1_dma_init) for usart1_dma_init
    usart.o(i.usart_init) refers to usart.o(.bss) for UsartRxBuffer
    dma.o(i.DMA1_Channel4_IRQHandler) refers to stm32f10x_dma.o(i.DMA_ClearFlag) for DMA_ClearFlag
    dma.o(i.DMA1_Channel4_IRQHandler) refers to stm32f10x_dma.o(i.DMA_Cmd) for DMA_Cmd
    dma.o(i.dma_usart_chek_tx_state) refers to dma.o(i.usart1_get_tx_dma_tc_state) for usart1_get_tx_dma_tc_state
    dma.o(i.dma_usart_chek_tx_state) refers to usart.o(.bss) for UsartTxBuffer
    dma.o(i.dma_usart_tx) refers to stm32f10x_usart.o(i.USART_ClearFlag) for USART_ClearFlag
    dma.o(i.dma_usart_tx) refers to dma.o(i.dma_usart_tx_restart) for dma_usart_tx_restart
    dma.o(i.dma_usart_tx_restart) refers to stm32f10x_dma.o(i.DMA_Cmd) for DMA_Cmd
    dma.o(i.usart1_dma_init) refers to misc.o(i.NVIC_Init) for NVIC_Init
    dma.o(i.usart1_dma_init) refers to stm32f10x_dma.o(i.DMA_DeInit) for DMA_DeInit
    dma.o(i.usart1_dma_init) refers to stm32f10x_rcc.o(i.RCC_AHBPeriphClockCmd) for RCC_AHBPeriphClockCmd
    dma.o(i.usart1_dma_init) refers to stm32f10x_dma.o(i.DMA_Init) for DMA_Init
    dma.o(i.usart1_dma_init) refers to stm32f10x_dma.o(i.DMA_Cmd) for DMA_Cmd
    dma.o(i.usart1_dma_init) refers to stm32f10x_usart.o(i.USART_DMACmd) for USART_DMACmd
    dma.o(i.usart1_dma_init) refers to usart.o(.bss) for UsartRxBuffer
    dma.o(i.usart1_get_tx_dma_tc_state) refers to stm32f10x_dma.o(i.DMA_GetFlagStatus) for DMA_GetFlagStatus
    dma.o(i.usart1_get_tx_dma_tc_state) refers to stm32f10x_dma.o(i.DMA_ClearFlag) for DMA_ClearFlag
    startup_stm32f10x_md.o(STACK) refers (Special) to heapauxi.o(.text) for __use_two_region_memory
    startup_stm32f10x_md.o(HEAP) refers (Special) to heapauxi.o(.text) for __use_two_region_memory
    startup_stm32f10x_md.o(RESET) refers (Special) to heapauxi.o(.text) for __use_two_region_memory
    startup_stm32f10x_md.o(RESET) refers to startup_stm32f10x_md.o(STACK) for __initial_sp
    startup_stm32f10x_md.o(RESET) refers to startup_stm32f10x_md.o(.text) for Reset_Handler
    startup_stm32f10x_md.o(RESET) refers to stm32f10x_it.o(i.NMI_Handler) for NMI_Handler
    startup_stm32f10x_md.o(RESET) refers to stm32f10x_it.o(i.HardFault_Handler) for HardFault_Handler
    startup_stm32f10x_md.o(RESET) refers to stm32f10x_it.o(i.MemManage_Handler) for MemManage_Handler
    startup_stm32f10x_md.o(RESET) refers to stm32f10x_it.o(i.BusFault_Handler) for BusFault_Handler
    startup_stm32f10x_md.o(RESET) refers to stm32f10x_it.o(i.UsageFault_Handler) for UsageFault_Handler
    startup_stm32f10x_md.o(RESET) refers to stm32f10x_it.o(i.SVC_Handler) for SVC_Handler
    startup_stm32f10x_md.o(RESET) refers to stm32f10x_it.o(i.DebugMon_Handler) for DebugMon_Handler
    startup_stm32f10x_md.o(RESET) refers to stm32f10x_it.o(i.PendSV_Handler) for PendSV_Handler
    startup_stm32f10x_md.o(RESET) refers to stm32f10x_it.o(i.SysTick_Handler) for SysTick_Handler
    startup_stm32f10x_md.o(RESET) refers to dma.o(i.DMA1_Channel4_IRQHandler) for DMA1_Channel4_IRQHandler
    startup_stm32f10x_md.o(RESET) refers to usart.o(i.USART1_IRQHandler) for USART1_IRQHandler
    startup_stm32f10x_md.o(.text) refers (Special) to heapauxi.o(.text) for __use_two_region_memory
    startup_stm32f10x_md.o(.text) refers to system_stm32f10x.o(i.SystemInit) for SystemInit
    startup_stm32f10x_md.o(.text) refers to __main.o(!!!main) for __main
    startup_stm32f10x_md.o(.text) refers to startup_stm32f10x_md.o(HEAP) for Heap_Mem
    startup_stm32f10x_md.o(.text) refers to startup_stm32f10x_md.o(STACK) for Stack_Mem
    ff.o(i.check_fs) refers to ff.o(i.move_window) for move_window
    ff.o(i.check_fs) refers to ff.o(i.ld_word) for ld_word
    ff.o(i.check_fs) refers to ff.o(i.mem_cmp) for mem_cmp
    ff.o(i.create_chain) refers to ff.o(i.get_fat) for get_fat
    ff.o(i.create_chain) refers to ff.o(i.put_fat) for put_fat
    ff.o(i.create_name) refers to ff.o(i.mem_set) for mem_set
    ff.o(i.create_name) refers to ff.o(i.dbc_1st) for dbc_1st
    ff.o(i.create_name) refers to ff.o(i.dbc_2nd) for dbc_2nd
    ff.o(i.create_name) refers to ff.o(i.chk_chr) for chk_chr
    ff.o(i.dbc_1st) refers to ff.o(.constdata) for DbcTbl
    ff.o(i.dbc_2nd) refers to ff.o(.constdata) for DbcTbl
    ff.o(i.dir_alloc) refers to ff.o(i.dir_sdi) for dir_sdi
    ff.o(i.dir_alloc) refers to ff.o(i.move_window) for move_window
    ff.o(i.dir_alloc) refers to ff.o(i.dir_next) for dir_next
    ff.o(i.dir_clear) refers to ff.o(i.sync_window) for sync_window
    ff.o(i.dir_clear) refers to ff.o(i.clst2sect) for clst2sect
    ff.o(i.dir_clear) refers to ff.o(i.mem_set) for mem_set
    ff.o(i.dir_clear) refers to diskio.o(i.disk_write) for disk_write
    ff.o(i.dir_find) refers to ff.o(i.dir_sdi) for dir_sdi
    ff.o(i.dir_find) refers to ff.o(i.move_window) for move_window
    ff.o(i.dir_find) refers to ff.o(i.mem_cmp) for mem_cmp
    ff.o(i.dir_find) refers to ff.o(i.dir_next) for dir_next
    ff.o(i.dir_next) refers to ff.o(i.get_fat) for get_fat
    ff.o(i.dir_next) refers to ff.o(i.create_chain) for create_chain
    ff.o(i.dir_next) refers to ff.o(i.dir_clear) for dir_clear
    ff.o(i.dir_next) refers to ff.o(i.clst2sect) for clst2sect
    ff.o(i.dir_read) refers to ff.o(i.move_window) for move_window
    ff.o(i.dir_read) refers to ff.o(i.dir_next) for dir_next
    ff.o(i.dir_register) refers to ff.o(i.dir_alloc) for dir_alloc
    ff.o(i.dir_register) refers to ff.o(i.move_window) for move_window
    ff.o(i.dir_register) refers to ff.o(i.mem_set) for mem_set
    ff.o(i.dir_register) refers to ff.o(i.mem_cpy) for mem_cpy
    ff.o(i.dir_remove) refers to ff.o(i.move_window) for move_window
    ff.o(i.dir_sdi) refers to ff.o(i.get_fat) for get_fat
    ff.o(i.dir_sdi) refers to ff.o(i.clst2sect) for clst2sect
    ff.o(i.f_close) refers to ff.o(i.f_sync) for f_sync
    ff.o(i.f_close) refers to ff.o(i.validate) for validate
    ff.o(i.f_closedir) refers to ff.o(i.validate) for validate
    ff.o(i.f_getfree) refers to ff.o(i.find_volume) for find_volume
    ff.o(i.f_getfree) refers to ff.o(i.get_fat) for get_fat
    ff.o(i.f_getfree) refers to ff.o(i.move_window) for move_window
    ff.o(i.f_getfree) refers to ff.o(i.ld_word) for ld_word
    ff.o(i.f_getfree) refers to ff.o(i.ld_dword) for ld_dword
    ff.o(i.f_lseek) refers to ff.o(i.validate) for validate
    ff.o(i.f_lseek) refers to ff.o(i.create_chain) for create_chain
    ff.o(i.f_lseek) refers to ff.o(i.get_fat) for get_fat
    ff.o(i.f_lseek) refers to ff.o(i.clst2sect) for clst2sect
    ff.o(i.f_lseek) refers to diskio.o(i.disk_write) for disk_write
    ff.o(i.f_lseek) refers to diskio.o(i.disk_read) for disk_read
    ff.o(i.f_mkdir) refers to ff.o(i.find_volume) for find_volume
    ff.o(i.f_mkdir) refers to ff.o(i.follow_path) for follow_path
    ff.o(i.f_mkdir) refers to ff.o(i.create_chain) for create_chain
    ff.o(i.f_mkdir) refers to ff.o(i.sync_window) for sync_window
    ff.o(i.f_mkdir) refers to ff.o(i.dir_clear) for dir_clear
    ff.o(i.f_mkdir) refers to ff.o(i.mem_set) for mem_set
    ff.o(i.f_mkdir) refers to ff.o(i.st_dword) for st_dword
    ff.o(i.f_mkdir) refers to ff.o(i.st_clust) for st_clust
    ff.o(i.f_mkdir) refers to ff.o(i.mem_cpy) for mem_cpy
    ff.o(i.f_mkdir) refers to ff.o(i.dir_register) for dir_register
    ff.o(i.f_mkdir) refers to ff.o(i.sync_fs) for sync_fs
    ff.o(i.f_mkdir) refers to ff.o(i.remove_chain) for remove_chain
    ff.o(i.f_mount) refers to ff.o(i.get_ldnumber) for get_ldnumber
    ff.o(i.f_mount) refers to ff.o(i.find_volume) for find_volume
    ff.o(i.f_mount) refers to ff.o(.data) for FatFs
    ff.o(i.f_open) refers to ff.o(i.find_volume) for find_volume
    ff.o(i.f_open) refers to ff.o(i.follow_path) for follow_path
    ff.o(i.f_open) refers to ff.o(i.dir_register) for dir_register
    ff.o(i.f_open) refers to ff.o(i.ld_clust) for ld_clust
    ff.o(i.f_open) refers to ff.o(i.st_dword) for st_dword
    ff.o(i.f_open) refers to ff.o(i.st_clust) for st_clust
    ff.o(i.f_open) refers to ff.o(i.remove_chain) for remove_chain
    ff.o(i.f_open) refers to ff.o(i.move_window) for move_window
    ff.o(i.f_open) refers to ff.o(i.ld_dword) for ld_dword
    ff.o(i.f_open) refers to ff.o(i.mem_set) for mem_set
    ff.o(i.f_open) refers to ff.o(i.get_fat) for get_fat
    ff.o(i.f_open) refers to ff.o(i.clst2sect) for clst2sect
    ff.o(i.f_open) refers to diskio.o(i.disk_read) for disk_read
    ff.o(i.f_opendir) refers to ff.o(i.find_volume) for find_volume
    ff.o(i.f_opendir) refers to ff.o(i.follow_path) for follow_path
    ff.o(i.f_opendir) refers to ff.o(i.ld_clust) for ld_clust
    ff.o(i.f_opendir) refers to ff.o(i.dir_sdi) for dir_sdi
    ff.o(i.f_read) refers to ff.o(i.validate) for validate
    ff.o(i.f_read) refers to ff.o(i.get_fat) for get_fat
    ff.o(i.f_read) refers to ff.o(i.clst2sect) for clst2sect
    ff.o(i.f_read) refers to diskio.o(i.disk_read) for disk_read
    ff.o(i.f_read) refers to ff.o(i.mem_cpy) for mem_cpy
    ff.o(i.f_read) refers to diskio.o(i.disk_write) for disk_write
    ff.o(i.f_readdir) refers to ff.o(i.validate) for validate
    ff.o(i.f_readdir) refers to ff.o(i.dir_sdi) for dir_sdi
    ff.o(i.f_readdir) refers to ff.o(i.dir_read) for dir_read
    ff.o(i.f_readdir) refers to ff.o(i.get_fileinfo) for get_fileinfo
    ff.o(i.f_readdir) refers to ff.o(i.dir_next) for dir_next
    ff.o(i.f_rename) refers to ff.o(i.get_ldnumber) for get_ldnumber
    ff.o(i.f_rename) refers to ff.o(i.find_volume) for find_volume
    ff.o(i.f_rename) refers to ff.o(i.follow_path) for follow_path
    ff.o(i.f_rename) refers to ff.o(i.mem_cpy) for mem_cpy
    ff.o(i.f_rename) refers to ff.o(i.dir_register) for dir_register
    ff.o(i.f_rename) refers to ff.o(i.ld_clust) for ld_clust
    ff.o(i.f_rename) refers to ff.o(i.clst2sect) for clst2sect
    ff.o(i.f_rename) refers to ff.o(i.move_window) for move_window
    ff.o(i.f_rename) refers to ff.o(i.st_clust) for st_clust
    ff.o(i.f_rename) refers to ff.o(i.dir_remove) for dir_remove
    ff.o(i.f_rename) refers to ff.o(i.sync_fs) for sync_fs
    ff.o(i.f_stat) refers to ff.o(i.find_volume) for find_volume
    ff.o(i.f_stat) refers to ff.o(i.follow_path) for follow_path
    ff.o(i.f_stat) refers to ff.o(i.get_fileinfo) for get_fileinfo
    ff.o(i.f_sync) refers to ff.o(i.validate) for validate
    ff.o(i.f_sync) refers to diskio.o(i.disk_write) for disk_write
    ff.o(i.f_sync) refers to ff.o(i.move_window) for move_window
    ff.o(i.f_sync) refers to ff.o(i.st_clust) for st_clust
    ff.o(i.f_sync) refers to ff.o(i.st_dword) for st_dword
    ff.o(i.f_sync) refers to ff.o(i.st_word) for st_word
    ff.o(i.f_sync) refers to ff.o(i.sync_fs) for sync_fs
    ff.o(i.f_truncate) refers to ff.o(i.validate) for validate
    ff.o(i.f_truncate) refers to ff.o(i.remove_chain) for remove_chain
    ff.o(i.f_truncate) refers to ff.o(i.get_fat) for get_fat
    ff.o(i.f_truncate) refers to diskio.o(i.disk_write) for disk_write
    ff.o(i.f_unlink) refers to ff.o(i.find_volume) for find_volume
    ff.o(i.f_unlink) refers to ff.o(i.follow_path) for follow_path
    ff.o(i.f_unlink) refers to ff.o(i.ld_clust) for ld_clust
    ff.o(i.f_unlink) refers to ff.o(i.dir_sdi) for dir_sdi
    ff.o(i.f_unlink) refers to ff.o(i.dir_read) for dir_read
    ff.o(i.f_unlink) refers to ff.o(i.dir_remove) for dir_remove
    ff.o(i.f_unlink) refers to ff.o(i.remove_chain) for remove_chain
    ff.o(i.f_unlink) refers to ff.o(i.sync_fs) for sync_fs
    ff.o(i.f_write) refers to ff.o(i.validate) for validate
    ff.o(i.f_write) refers to ff.o(i.create_chain) for create_chain
    ff.o(i.f_write) refers to diskio.o(i.disk_write) for disk_write
    ff.o(i.f_write) refers to ff.o(i.clst2sect) for clst2sect
    ff.o(i.f_write) refers to ff.o(i.mem_cpy) for mem_cpy
    ff.o(i.f_write) refers to diskio.o(i.disk_read) for disk_read
    ff.o(i.find_volume) refers to ff.o(i.get_ldnumber) for get_ldnumber
    ff.o(i.find_volume) refers to diskio.o(i.disk_status) for disk_status
    ff.o(i.find_volume) refers to diskio.o(i.disk_initialize) for disk_initialize
    ff.o(i.find_volume) refers to ff.o(i.check_fs) for check_fs
    ff.o(i.find_volume) refers to ff.o(i.ld_dword) for ld_dword
    ff.o(i.find_volume) refers to ff.o(i.ld_word) for ld_word
    ff.o(i.find_volume) refers to ff.o(i.move_window) for move_window
    ff.o(i.find_volume) refers to ff.o(.data) for FatFs
    ff.o(i.follow_path) refers to ff.o(i.dir_sdi) for dir_sdi
    ff.o(i.follow_path) refers to ff.o(i.create_name) for create_name
    ff.o(i.follow_path) refers to ff.o(i.dir_find) for dir_find
    ff.o(i.follow_path) refers to ff.o(i.ld_clust) for ld_clust
    ff.o(i.get_fat) refers to ff.o(i.move_window) for move_window
    ff.o(i.get_fat) refers to ff.o(i.ld_word) for ld_word
    ff.o(i.get_fat) refers to ff.o(i.ld_dword) for ld_dword
    ff.o(i.get_fileinfo) refers to ff.o(i.ld_dword) for ld_dword
    ff.o(i.ld_clust) refers to ff.o(i.ld_word) for ld_word
    ff.o(i.move_window) refers to ff.o(i.sync_window) for sync_window
    ff.o(i.move_window) refers to diskio.o(i.disk_read) for disk_read
    ff.o(i.put_fat) refers to ff.o(i.move_window) for move_window
    ff.o(i.put_fat) refers to ff.o(i.st_word) for st_word
    ff.o(i.put_fat) refers to ff.o(i.ld_dword) for ld_dword
    ff.o(i.put_fat) refers to ff.o(i.st_dword) for st_dword
    ff.o(i.remove_chain) refers to ff.o(i.put_fat) for put_fat
    ff.o(i.remove_chain) refers to ff.o(i.get_fat) for get_fat
    ff.o(i.st_clust) refers to ff.o(i.st_word) for st_word
    ff.o(i.sync_fs) refers to ff.o(i.sync_window) for sync_window
    ff.o(i.sync_fs) refers to ff.o(i.mem_set) for mem_set
    ff.o(i.sync_fs) refers to ff.o(i.st_word) for st_word
    ff.o(i.sync_fs) refers to ff.o(i.st_dword) for st_dword
    ff.o(i.sync_fs) refers to diskio.o(i.disk_write) for disk_write
    ff.o(i.sync_fs) refers to diskio.o(i.disk_ioctl) for disk_ioctl
    ff.o(i.sync_window) refers to diskio.o(i.disk_write) for disk_write
    ff.o(i.validate) refers to diskio.o(i.disk_status) for disk_status
    rt_memcpy_v6.o(.text) refers to rt_memcpy_w.o(.text) for __aeabi_memcpy4
    rt_memclr.o(.text) refers to rt_memclr_w.o(.text) for _memset_w
    __main.o(!!!main) refers to __rtentry.o(.ARM.Collect$$rtentry$$00000000) for __rt_entry
    __rtentry.o(.ARM.Collect$$rtentry$$00000000) refers (Special) to __rtentry2.o(.ARM.Collect$$rtentry$$0000000A) for __rt_entry_li
    __rtentry.o(.ARM.Collect$$rtentry$$00000000) refers (Special) to __rtentry2.o(.ARM.Collect$$rtentry$$0000000D) for __rt_entry_main
    __rtentry.o(.ARM.Collect$$rtentry$$00000000) refers (Special) to __rtentry2.o(.ARM.Collect$$rtentry$$0000000C) for __rt_entry_postli_1
    __rtentry.o(.ARM.Collect$$rtentry$$00000000) refers (Special) to __rtentry2.o(.ARM.Collect$$rtentry$$00000009) for __rt_entry_postsh_1
    __rtentry.o(.ARM.Collect$$rtentry$$00000000) refers (Special) to __rtentry2.o(.ARM.Collect$$rtentry$$00000002) for __rt_entry_presh_1
    __rtentry.o(.ARM.Collect$$rtentry$$00000000) refers (Special) to __rtentry4.o(.ARM.Collect$$rtentry$$00000004) for __rt_entry_sh
    __rtentry2.o(.ARM.Collect$$rtentry$$00000008) refers to boardinit2.o(.text) for _platform_post_stackheap_init
    __rtentry2.o(.ARM.Collect$$rtentry$$0000000A) refers to libinit.o(.ARM.Collect$$libinit$$00000000) for __rt_lib_init
    __rtentry2.o(.ARM.Collect$$rtentry$$0000000B) refers to boardinit3.o(.text) for _platform_post_lib_init
    __rtentry2.o(.ARM.Collect$$rtentry$$0000000D) refers to main.o(i.main) for main
    __rtentry2.o(.ARM.Collect$$rtentry$$0000000D) refers to exit.o(.text) for exit
    __rtentry2.o(.ARM.exidx) refers to __rtentry2.o(.ARM.Collect$$rtentry$$00000001) for .ARM.Collect$$rtentry$$00000001
    __rtentry2.o(.ARM.exidx) refers to __rtentry2.o(.ARM.Collect$$rtentry$$00000008) for .ARM.Collect$$rtentry$$00000008
    __rtentry2.o(.ARM.exidx) refers to __rtentry2.o(.ARM.Collect$$rtentry$$0000000A) for .ARM.Collect$$rtentry$$0000000A
    __rtentry2.o(.ARM.exidx) refers to __rtentry2.o(.ARM.Collect$$rtentry$$0000000B) for .ARM.Collect$$rtentry$$0000000B
    __rtentry2.o(.ARM.exidx) refers to __rtentry2.o(.ARM.Collect$$rtentry$$0000000D) for .ARM.Collect$$rtentry$$0000000D
    __rtentry4.o(.ARM.Collect$$rtentry$$00000004) refers to sys_stackheap_outer.o(.text) for __user_setup_stackheap
    __rtentry4.o(.ARM.exidx) refers to __rtentry4.o(.ARM.Collect$$rtentry$$00000004) for .ARM.Collect$$rtentry$$00000004
    sys_stackheap_outer.o(.text) refers to libspace.o(.text) for __user_perproc_libspace
    sys_stackheap_outer.o(.text) refers to startup_stm32f10x_md.o(.text) for __user_initial_stackheap
    exit.o(.text) refers to rtexit.o(.ARM.Collect$$rtexit$$00000000) for __rt_exit
    libinit.o(.ARM.Collect$$libinit$$00000000) refers (Special) to libinit2.o(.ARM.Collect$$libinit$$0000002E) for __rt_lib_init_alloca_1
    libinit.o(.ARM.Collect$$libinit$$00000000) refers (Special) to libinit2.o(.ARM.Collect$$libinit$$0000002C) for __rt_lib_init_argv_1
    libinit.o(.ARM.Collect$$libinit$$00000000) refers (Special) to libinit2.o(.ARM.Collect$$libinit$$0000001B) for __rt_lib_init_atexit_1
    libinit.o(.ARM.Collect$$libinit$$00000000) refers (Special) to libinit2.o(.ARM.Collect$$libinit$$00000021) for __rt_lib_init_clock_1
    libinit.o(.ARM.Collect$$libinit$$00000000) refers (Special) to libinit2.o(.ARM.Collect$$libinit$$00000032) for __rt_lib_init_cpp_1
    libinit.o(.ARM.Collect$$libinit$$00000000) refers (Special) to libinit2.o(.ARM.Collect$$libinit$$00000030) for __rt_lib_init_exceptions_1
    libinit.o(.ARM.Collect$$libinit$$00000000) refers (Special) to libinit2.o(.ARM.Collect$$libinit$$00000002) for __rt_lib_init_fp_1
    libinit.o(.ARM.Collect$$libinit$$00000000) refers (Special) to libinit2.o(.ARM.Collect$$libinit$$0000001F) for __rt_lib_init_fp_trap_1
    libinit.o(.ARM.Collect$$libinit$$00000000) refers (Special) to libinit2.o(.ARM.Collect$$libinit$$00000023) for __rt_lib_init_getenv_1
    libinit.o(.ARM.Collect$$libinit$$00000000) refers (Special) to libinit2.o(.ARM.Collect$$libinit$$0000000A) for __rt_lib_init_heap_1
    libinit.o(.ARM.Collect$$libinit$$00000000) refers (Special) to libinit2.o(.ARM.Collect$$libinit$$00000011) for __rt_lib_init_lc_collate_1
    libinit.o(.ARM.Collect$$libinit$$00000000) refers (Special) to libinit2.o(.ARM.Collect$$libinit$$00000013) for __rt_lib_init_lc_ctype_1
    libinit.o(.ARM.Collect$$libinit$$00000000) refers (Special) to libinit2.o(.ARM.Collect$$libinit$$00000015) for __rt_lib_init_lc_monetary_1
    libinit.o(.ARM.Collect$$libinit$$00000000) refers (Special) to libinit2.o(.ARM.Collect$$libinit$$00000017) for __rt_lib_init_lc_numeric_1
    libinit.o(.ARM.Collect$$libinit$$00000000) refers (Special) to libinit2.o(.ARM.Collect$$libinit$$00000019) for __rt_lib_init_lc_time_1
    libinit.o(.ARM.Collect$$libinit$$00000000) refers (Special) to libinit2.o(.ARM.Collect$$libinit$$00000004) for __rt_lib_init_preinit_1
    libinit.o(.ARM.Collect$$libinit$$00000000) refers (Special) to libinit2.o(.ARM.Collect$$libinit$$0000000E) for __rt_lib_init_rand_1
    libinit.o(.ARM.Collect$$libinit$$00000000) refers (Special) to libinit2.o(.ARM.Collect$$libinit$$00000033) for __rt_lib_init_return
    libinit.o(.ARM.Collect$$libinit$$00000000) refers (Special) to libinit2.o(.ARM.Collect$$libinit$$0000001D) for __rt_lib_init_signal_1
    libinit.o(.ARM.Collect$$libinit$$00000000) refers (Special) to libinit2.o(.ARM.Collect$$libinit$$00000025) for __rt_lib_init_stdio_1
    libinit.o(.ARM.Collect$$libinit$$00000000) refers (Special) to libinit2.o(.ARM.Collect$$libinit$$0000000C) for __rt_lib_init_user_alloc_1
    libspace.o(.text) refers to libspace.o(.bss) for __libspace_start
    rtexit.o(.ARM.Collect$$rtexit$$00000000) refers (Special) to rtexit2.o(.ARM.Collect$$rtexit$$00000004) for __rt_exit_exit
    rtexit.o(.ARM.Collect$$rtexit$$00000000) refers (Special) to rtexit2.o(.ARM.Collect$$rtexit$$00000003) for __rt_exit_ls
    rtexit.o(.ARM.Collect$$rtexit$$00000000) refers (Special) to rtexit2.o(.ARM.Collect$$rtexit$$00000002) for __rt_exit_prels_1
    rtexit.o(.ARM.exidx) refers (Special) to rtexit2.o(.ARM.Collect$$rtexit$$00000004) for __rt_exit_exit
    rtexit.o(.ARM.exidx) refers (Special) to rtexit2.o(.ARM.Collect$$rtexit$$00000003) for __rt_exit_ls
    rtexit.o(.ARM.exidx) refers (Special) to rtexit2.o(.ARM.Collect$$rtexit$$00000002) for __rt_exit_prels_1
    rtexit.o(.ARM.exidx) refers to rtexit.o(.ARM.Collect$$rtexit$$00000000) for .ARM.Collect$$rtexit$$00000000
    libinit2.o(.ARM.Collect$$libinit$$00000010) refers to libinit2.o(.ARM.Collect$$libinit$$0000000F) for .ARM.Collect$$libinit$$0000000F
    libinit2.o(.ARM.Collect$$libinit$$00000012) refers to libinit2.o(.ARM.Collect$$libinit$$0000000F) for .ARM.Collect$$libinit$$0000000F
    libinit2.o(.ARM.Collect$$libinit$$00000014) refers to libinit2.o(.ARM.Collect$$libinit$$0000000F) for .ARM.Collect$$libinit$$0000000F
    libinit2.o(.ARM.Collect$$libinit$$00000016) refers to libinit2.o(.ARM.Collect$$libinit$$0000000F) for .ARM.Collect$$libinit$$0000000F
    libinit2.o(.ARM.Collect$$libinit$$00000018) refers to libinit2.o(.ARM.Collect$$libinit$$0000000F) for .ARM.Collect$$libinit$$0000000F
    libinit2.o(.ARM.Collect$$libinit$$00000026) refers to argv_veneer.o(.emb_text) for __ARM_argv_veneer
    libinit2.o(.ARM.Collect$$libinit$$00000027) refers to argv_veneer.o(.emb_text) for __ARM_argv_veneer
    rtexit2.o(.ARM.Collect$$rtexit$$00000003) refers to libshutdown.o(.ARM.Collect$$libshutdown$$00000000) for __rt_lib_shutdown
    rtexit2.o(.ARM.Collect$$rtexit$$00000004) refers to sys_exit.o(.text) for _sys_exit
    rtexit2.o(.ARM.exidx) refers to rtexit2.o(.ARM.Collect$$rtexit$$00000001) for .ARM.Collect$$rtexit$$00000001
    rtexit2.o(.ARM.exidx) refers to rtexit2.o(.ARM.Collect$$rtexit$$00000003) for .ARM.Collect$$rtexit$$00000003
    rtexit2.o(.ARM.exidx) refers to rtexit2.o(.ARM.Collect$$rtexit$$00000004) for .ARM.Collect$$rtexit$$00000004
    argv_veneer.o(.emb_text) refers to no_argv.o(.text) for __ARM_get_argv
    sys_exit.o(.text) refers (Special) to use_no_semi.o(.text) for __I$use$semihosting
    sys_exit.o(.text) refers (Special) to indicate_semi.o(.text) for __semihosting_library_function
    _get_argv_nomalloc.o(.text) refers (Special) to hrguard.o(.text) for __heap_region$guard
    _get_argv_nomalloc.o(.text) refers to defsig_rtmem_outer.o(.text) for __rt_SIGRTMEM
    _get_argv_nomalloc.o(.text) refers to sys_command.o(.text) for _sys_command_string
    libshutdown.o(.ARM.Collect$$libshutdown$$00000000) refers (Special) to libshutdown2.o(.ARM.Collect$$libshutdown$$00000002) for __rt_lib_shutdown_cpp_1
    libshutdown.o(.ARM.Collect$$libshutdown$$00000000) refers (Special) to libshutdown2.o(.ARM.Collect$$libshutdown$$00000007) for __rt_lib_shutdown_fp_trap_1
    libshutdown.o(.ARM.Collect$$libshutdown$$00000000) refers (Special) to libshutdown2.o(.ARM.Collect$$libshutdown$$0000000F) for __rt_lib_shutdown_heap_1
    libshutdown.o(.ARM.Collect$$libshutdown$$00000000) refers (Special) to libshutdown2.o(.ARM.Collect$$libshutdown$$00000010) for __rt_lib_shutdown_return
    libshutdown.o(.ARM.Collect$$libshutdown$$00000000) refers (Special) to libshutdown2.o(.ARM.Collect$$libshutdown$$0000000A) for __rt_lib_shutdown_signal_1
    libshutdown.o(.ARM.Collect$$libshutdown$$00000000) refers (Special) to libshutdown2.o(.ARM.Collect$$libshutdown$$00000004) for __rt_lib_shutdown_stdio_1
    libshutdown.o(.ARM.Collect$$libshutdown$$00000000) refers (Special) to libshutdown2.o(.ARM.Collect$$libshutdown$$0000000C) for __rt_lib_shutdown_user_alloc_1
    sys_command.o(.text) refers (Special) to use_no_semi.o(.text) for __I$use$semihosting
    sys_command.o(.text) refers (Special) to indicate_semi.o(.text) for __semihosting_library_function
    defsig_rtmem_outer.o(.text) refers to defsig_rtmem_inner.o(.text) for __rt_SIGRTMEM_inner
    defsig_rtmem_outer.o(.text) refers to defsig_exit.o(.text) for __sig_exit
    defsig_rtmem_formal.o(.text) refers to rt_raise.o(.text) for __rt_raise
    rt_raise.o(.text) refers to __raise.o(.text) for __raise
    rt_raise.o(.text) refers to sys_exit.o(.text) for _sys_exit
    defsig_exit.o(.text) refers to sys_exit.o(.text) for _sys_exit
    defsig_rtmem_inner.o(.text) refers to defsig_general.o(.text) for __default_signal_display
    __raise.o(.text) refers to defsig.o(CL$$defsig) for __default_signal_handler
    defsig_general.o(.text) refers to sys_wrch.o(.text) for _ttywrch
    sys_wrch.o(.text) refers (Special) to use_no_semi.o(.text) for __I$use$semihosting
    sys_wrch.o(.text) refers (Special) to indicate_semi.o(.text) for __semihosting_library_function
    defsig.o(CL$$defsig) refers to defsig_rtmem_inner.o(.text) for __rt_SIGRTMEM_inner
    defsig_abrt_inner.o(.text) refers to defsig_general.o(.text) for __default_signal_display
    defsig_fpe_inner.o(.text) refers to defsig_general.o(.text) for __default_signal_display
    defsig_rtred_inner.o(.text) refers to defsig_general.o(.text) for __default_signal_display
    defsig_stak_inner.o(.text) refers to defsig_general.o(.text) for __default_signal_display
    defsig_pvfn_inner.o(.text) refers to defsig_general.o(.text) for __default_signal_display
    defsig_cppl_inner.o(.text) refers to defsig_general.o(.text) for __default_signal_display
    defsig_segv_inner.o(.text) refers to defsig_general.o(.text) for __default_signal_display
    defsig_other.o(.text) refers to defsig_general.o(.text) for __default_signal_display


==============================================================================

Removing Unused input sections from the image.

    Removing message_send.o(i.write_bar), (46 bytes).
    Removing message_send.o(i.write_bitmap), (38 bytes).
    Removing message_send.o(i.write_control_state), (38 bytes).
    Removing message_send.o(i.write_date), (58 bytes).
    Removing message_send.o(i.write_page_num), (32 bytes).
    Removing message_send.o(i.write_select_position), (38 bytes).
    Removing message_send.o(i.write_select_val), (80 bytes).
    Removing message_send.o(i.write_time), (50 bytes).
    Removing user_control.o(i.config_page_handle), (2 bytes).
    Removing stm32f10x_rcc.o(i.RCC_ADCCLKConfig), (24 bytes).
    Removing stm32f10x_rcc.o(i.RCC_APB1PeriphClockCmd), (32 bytes).
    Removing stm32f10x_rcc.o(i.RCC_APB1PeriphResetCmd), (32 bytes).
    Removing stm32f10x_rcc.o(i.RCC_APB2PeriphResetCmd), (32 bytes).
    Removing stm32f10x_rcc.o(i.RCC_AdjustHSICalibrationValue), (24 bytes).
    Removing stm32f10x_rcc.o(i.RCC_BackupResetCmd), (12 bytes).
    Removing stm32f10x_rcc.o(i.RCC_ClearFlag), (20 bytes).
    Removing stm32f10x_rcc.o(i.RCC_ClearITPendingBit), (12 bytes).
    Removing stm32f10x_rcc.o(i.RCC_ClockSecuritySystemCmd), (12 bytes).
    Removing stm32f10x_rcc.o(i.RCC_DeInit), (76 bytes).
    Removing stm32f10x_rcc.o(i.RCC_GetFlagStatus), (60 bytes).
    Removing stm32f10x_rcc.o(i.RCC_GetITStatus), (24 bytes).
    Removing stm32f10x_rcc.o(i.RCC_GetSYSCLKSource), (16 bytes).
    Removing stm32f10x_rcc.o(i.RCC_HCLKConfig), (24 bytes).
    Removing stm32f10x_rcc.o(i.RCC_HSEConfig), (76 bytes).
    Removing stm32f10x_rcc.o(i.RCC_HSICmd), (12 bytes).
    Removing stm32f10x_rcc.o(i.RCC_ITConfig), (32 bytes).
    Removing stm32f10x_rcc.o(i.RCC_LSEConfig), (52 bytes).
    Removing stm32f10x_rcc.o(i.RCC_LSICmd), (12 bytes).
    Removing stm32f10x_rcc.o(i.RCC_MCOConfig), (12 bytes).
    Removing stm32f10x_rcc.o(i.RCC_PCLK1Config), (24 bytes).
    Removing stm32f10x_rcc.o(i.RCC_PCLK2Config), (24 bytes).
    Removing stm32f10x_rcc.o(i.RCC_PLLCmd), (12 bytes).
    Removing stm32f10x_rcc.o(i.RCC_PLLConfig), (28 bytes).
    Removing stm32f10x_rcc.o(i.RCC_RTCCLKCmd), (12 bytes).
    Removing stm32f10x_rcc.o(i.RCC_RTCCLKConfig), (16 bytes).
    Removing stm32f10x_rcc.o(i.RCC_SYSCLKConfig), (24 bytes).
    Removing stm32f10x_rcc.o(i.RCC_USBCLKConfig), (12 bytes).
    Removing stm32f10x_rcc.o(i.RCC_WaitForHSEStartUp), (56 bytes).
    Removing stm32f10x_gpio.o(i.GPIO_AFIODeInit), (20 bytes).
    Removing stm32f10x_gpio.o(i.GPIO_DeInit), (200 bytes).
    Removing stm32f10x_gpio.o(i.GPIO_ETH_MediaInterfaceConfig), (12 bytes).
    Removing stm32f10x_gpio.o(i.GPIO_EXTILineConfig), (64 bytes).
    Removing stm32f10x_gpio.o(i.GPIO_EventOutputCmd), (12 bytes).
    Removing stm32f10x_gpio.o(i.GPIO_EventOutputConfig), (32 bytes).
    Removing stm32f10x_gpio.o(i.GPIO_PinLockConfig), (18 bytes).
    Removing stm32f10x_gpio.o(i.GPIO_PinRemapConfig), (144 bytes).
    Removing stm32f10x_gpio.o(i.GPIO_ReadInputData), (8 bytes).
    Removing stm32f10x_gpio.o(i.GPIO_ReadInputDataBit), (18 bytes).
    Removing stm32f10x_gpio.o(i.GPIO_ReadOutputData), (8 bytes).
    Removing stm32f10x_gpio.o(i.GPIO_ReadOutputDataBit), (18 bytes).
    Removing stm32f10x_gpio.o(i.GPIO_StructInit), (16 bytes).
    Removing stm32f10x_gpio.o(i.GPIO_Write), (4 bytes).
    Removing stm32f10x_gpio.o(i.GPIO_WriteBit), (10 bytes).
    Removing stm32f10x_usart.o(i.USART_ClearITPendingBit), (30 bytes).
    Removing stm32f10x_usart.o(i.USART_ClockInit), (34 bytes).
    Removing stm32f10x_usart.o(i.USART_ClockStructInit), (12 bytes).
    Removing stm32f10x_usart.o(i.USART_DeInit), (156 bytes).
    Removing stm32f10x_usart.o(i.USART_GetFlagStatus), (26 bytes).
    Removing stm32f10x_usart.o(i.USART_HalfDuplexCmd), (24 bytes).
    Removing stm32f10x_usart.o(i.USART_IrDACmd), (24 bytes).
    Removing stm32f10x_usart.o(i.USART_IrDAConfig), (18 bytes).
    Removing stm32f10x_usart.o(i.USART_LINBreakDetectLengthConfig), (18 bytes).
    Removing stm32f10x_usart.o(i.USART_LINCmd), (24 bytes).
    Removing stm32f10x_usart.o(i.USART_OneBitMethodCmd), (24 bytes).
    Removing stm32f10x_usart.o(i.USART_OverSampling8Cmd), (22 bytes).
    Removing stm32f10x_usart.o(i.USART_ReceiverWakeUpCmd), (24 bytes).
    Removing stm32f10x_usart.o(i.USART_SendBreak), (10 bytes).
    Removing stm32f10x_usart.o(i.USART_SendData), (28 bytes).
    Removing stm32f10x_usart.o(i.USART_SetAddress), (18 bytes).
    Removing stm32f10x_usart.o(i.USART_SetGuardTime), (16 bytes).
    Removing stm32f10x_usart.o(i.USART_SetPrescaler), (16 bytes).
    Removing stm32f10x_usart.o(i.USART_SmartCardCmd), (24 bytes).
    Removing stm32f10x_usart.o(i.USART_SmartCardNACKCmd), (24 bytes).
    Removing stm32f10x_usart.o(i.USART_StructInit), (24 bytes).
    Removing stm32f10x_usart.o(i.USART_WakeUpConfig), (18 bytes).
    Removing misc.o(i.NVIC_SetVectorTable), (20 bytes).
    Removing misc.o(i.NVIC_SystemLPConfig), (32 bytes).
    Removing misc.o(i.SysTick_CLKSourceConfig), (40 bytes).
    Removing stm32f10x_dma.o(i.DMA_ClearITPendingBit), (28 bytes).
    Removing stm32f10x_dma.o(i.DMA_GetCurrDataCounter), (8 bytes).
    Removing stm32f10x_dma.o(i.DMA_GetITStatus), (44 bytes).
    Removing stm32f10x_dma.o(i.DMA_ITConfig), (18 bytes).
    Removing stm32f10x_dma.o(i.DMA_SetCurrDataCounter), (4 bytes).
    Removing stm32f10x_dma.o(i.DMA_StructInit), (26 bytes).
    Removing core_cm3.o(.emb_text), (32 bytes).
    Removing system_stm32f10x.o(i.SystemCoreClockUpdate), (164 bytes).
    Removing system_stm32f10x.o(.data), (20 bytes).
    Removing ff.o(i.check_fs), (124 bytes).
    Removing ff.o(i.chk_chr), (20 bytes).
    Removing ff.o(i.clst2sect), (26 bytes).
    Removing ff.o(i.create_chain), (288 bytes).
    Removing ff.o(i.create_name), (260 bytes).
    Removing ff.o(i.dbc_1st), (52 bytes).
    Removing ff.o(i.dbc_2nd), (72 bytes).
    Removing ff.o(i.dir_alloc), (96 bytes).
    Removing ff.o(i.dir_clear), (96 bytes).
    Removing ff.o(i.dir_find), (108 bytes).
    Removing ff.o(i.dir_next), (198 bytes).
    Removing ff.o(i.dir_read), (116 bytes).
    Removing ff.o(i.dir_register), (60 bytes).
    Removing ff.o(i.dir_remove), (32 bytes).
    Removing ff.o(i.dir_sdi), (154 bytes).
    Removing ff.o(i.f_close), (34 bytes).
    Removing ff.o(i.f_closedir), (24 bytes).
    Removing ff.o(i.f_getfree), (246 bytes).
    Removing ff.o(i.f_lseek), (388 bytes).
    Removing ff.o(i.f_mkdir), (270 bytes).
    Removing ff.o(i.f_mount), (84 bytes).
    Removing ff.o(i.f_open), (484 bytes).
    Removing ff.o(i.f_opendir), (108 bytes).
    Removing ff.o(i.f_read), (412 bytes).
    Removing ff.o(i.f_readdir), (78 bytes).
    Removing ff.o(i.f_rename), (282 bytes).
    Removing ff.o(i.f_stat), (62 bytes).
    Removing ff.o(i.f_sync), (160 bytes).
    Removing ff.o(i.f_truncate), (178 bytes).
    Removing ff.o(i.f_unlink), (170 bytes).
    Removing ff.o(i.f_write), (478 bytes).
    Removing ff.o(i.find_volume), (780 bytes).
    Removing ff.o(i.follow_path), (158 bytes).
    Removing ff.o(i.get_fat), (224 bytes).
    Removing ff.o(i.get_fileinfo), (140 bytes).
    Removing ff.o(i.get_ldnumber), (76 bytes).
    Removing ff.o(i.ld_clust), (38 bytes).
    Removing ff.o(i.ld_dword), (24 bytes).
    Removing ff.o(i.ld_word), (12 bytes).
    Removing ff.o(i.mem_cmp), (36 bytes).
    Removing ff.o(i.mem_cpy), (26 bytes).
    Removing ff.o(i.mem_set), (18 bytes).
    Removing ff.o(i.move_window), (52 bytes).
    Removing ff.o(i.put_fat), (312 bytes).
    Removing ff.o(i.remove_chain), (154 bytes).
    Removing ff.o(i.st_clust), (36 bytes).
    Removing ff.o(i.st_dword), (24 bytes).
    Removing ff.o(i.st_word), (12 bytes).
    Removing ff.o(i.sync_fs), (144 bytes).
    Removing ff.o(i.sync_window), (74 bytes).
    Removing ff.o(i.validate), (60 bytes).
    Removing ff.o(.constdata), (10 bytes).
    Removing ff.o(.data), (6 bytes).
    Removing diskio.o(i.disk_initialize), (50 bytes).
    Removing diskio.o(i.disk_ioctl), (34 bytes).
    Removing diskio.o(i.disk_read), (78 bytes).
    Removing diskio.o(i.disk_status), (50 bytes).
    Removing diskio.o(i.disk_write), (78 bytes).

145 unused section(s) (total 10686 bytes) removed from the image.

==============================================================================

Memory Map of the image

  Image Entry point : 0x00000000

  Load Region LR_IROM1 (Base: 0x08000000, Size: 0x00001d74, Max: 0x00080000, ABSOLUTE)

    Execution Region ER_IROM1 (Base: 0x08000000, Size: 0x00001d5c, Max: 0x00080000, ABSOLUTE)

    Base Addr    Size         Type   Attr      Idx    E Section Name        Object

    0x08000000   0x000000ec   Data   RO         1200    RESET               startup_stm32f10x_md.o
    0x080000ec   0x00000008   Code   RO         1543  * !!!main             c_w.l(__main.o)
    0x080000f4   0x00000002   Code   RO         1572    .ARM.Collect$$libinit$$00000000  c_w.l(libinit.o)
    0x080000f6   0x00000000   Code   RO         1579    .ARM.Collect$$libinit$$00000002  c_w.l(libinit2.o)
    0x080000f6   0x00000000   Code   RO         1581    .ARM.Collect$$libinit$$00000004  c_w.l(libinit2.o)
    0x080000f6   0x00000000   Code   RO         1584    .ARM.Collect$$libinit$$0000000A  c_w.l(libinit2.o)
    0x080000f6   0x00000000   Code   RO         1586    .ARM.Collect$$libinit$$0000000C  c_w.l(libinit2.o)
    0x080000f6   0x00000000   Code   RO         1588    .ARM.Collect$$libinit$$0000000E  c_w.l(libinit2.o)
    0x080000f6   0x00000000   Code   RO         1591    .ARM.Collect$$libinit$$00000011  c_w.l(libinit2.o)
    0x080000f6   0x00000000   Code   RO         1593    .ARM.Collect$$libinit$$00000013  c_w.l(libinit2.o)
    0x080000f6   0x00000000   Code   RO         1595    .ARM.Collect$$libinit$$00000015  c_w.l(libinit2.o)
    0x080000f6   0x00000000   Code   RO         1597    .ARM.Collect$$libinit$$00000017  c_w.l(libinit2.o)
    0x080000f6   0x00000000   Code   RO         1599    .ARM.Collect$$libinit$$00000019  c_w.l(libinit2.o)
    0x080000f6   0x00000000   Code   RO         1601    .ARM.Collect$$libinit$$0000001B  c_w.l(libinit2.o)
    0x080000f6   0x00000000   Code   RO         1603    .ARM.Collect$$libinit$$0000001D  c_w.l(libinit2.o)
    0x080000f6   0x00000000   Code   RO         1605    .ARM.Collect$$libinit$$0000001F  c_w.l(libinit2.o)
    0x080000f6   0x00000000   Code   RO         1607    .ARM.Collect$$libinit$$00000021  c_w.l(libinit2.o)
    0x080000f6   0x00000000   Code   RO         1609    .ARM.Collect$$libinit$$00000023  c_w.l(libinit2.o)
    0x080000f6   0x00000000   Code   RO         1611    .ARM.Collect$$libinit$$00000025  c_w.l(libinit2.o)
    0x080000f6   0x00000000   Code   RO         1615    .ARM.Collect$$libinit$$0000002C  c_w.l(libinit2.o)
    0x080000f6   0x00000000   Code   RO         1617    .ARM.Collect$$libinit$$0000002E  c_w.l(libinit2.o)
    0x080000f6   0x00000000   Code   RO         1619    .ARM.Collect$$libinit$$00000030  c_w.l(libinit2.o)
    0x080000f6   0x00000000   Code   RO         1621    .ARM.Collect$$libinit$$00000032  c_w.l(libinit2.o)
    0x080000f6   0x00000002   Code   RO         1622    .ARM.Collect$$libinit$$00000033  c_w.l(libinit2.o)
    0x080000f8   0x00000002   Code   RO         1642    .ARM.Collect$$libshutdown$$00000000  c_w.l(libshutdown.o)
    0x080000fa   0x00000000   Code   RO         1655    .ARM.Collect$$libshutdown$$00000002  c_w.l(libshutdown2.o)
    0x080000fa   0x00000000   Code   RO         1657    .ARM.Collect$$libshutdown$$00000004  c_w.l(libshutdown2.o)
    0x080000fa   0x00000000   Code   RO         1660    .ARM.Collect$$libshutdown$$00000007  c_w.l(libshutdown2.o)
    0x080000fa   0x00000000   Code   RO         1663    .ARM.Collect$$libshutdown$$0000000A  c_w.l(libshutdown2.o)
    0x080000fa   0x00000000   Code   RO         1665    .ARM.Collect$$libshutdown$$0000000C  c_w.l(libshutdown2.o)
    0x080000fa   0x00000000   Code   RO         1668    .ARM.Collect$$libshutdown$$0000000F  c_w.l(libshutdown2.o)
    0x080000fa   0x00000002   Code   RO         1669    .ARM.Collect$$libshutdown$$00000010  c_w.l(libshutdown2.o)
    0x080000fc   0x00000000   Code   RO         1545    .ARM.Collect$$rtentry$$00000000  c_w.l(__rtentry.o)
    0x080000fc   0x00000000   Code   RO         1549    .ARM.Collect$$rtentry$$00000002  c_w.l(__rtentry2.o)
    0x080000fc   0x00000006   Code   RO         1561    .ARM.Collect$$rtentry$$00000004  c_w.l(__rtentry4.o)
    0x08000102   0x00000000   Code   RO         1551    .ARM.Collect$$rtentry$$00000009  c_w.l(__rtentry2.o)
    0x08000102   0x00000004   Code   RO         1552    .ARM.Collect$$rtentry$$0000000A  c_w.l(__rtentry2.o)
    0x08000106   0x00000000   Code   RO         1554    .ARM.Collect$$rtentry$$0000000C  c_w.l(__rtentry2.o)
    0x08000106   0x00000008   Code   RO         1555    .ARM.Collect$$rtentry$$0000000D  c_w.l(__rtentry2.o)
    0x0800010e   0x00000002   Code   RO         1576    .ARM.Collect$$rtexit$$00000000  c_w.l(rtexit.o)
    0x08000110   0x00000000   Code   RO         1624    .ARM.Collect$$rtexit$$00000002  c_w.l(rtexit2.o)
    0x08000110   0x00000004   Code   RO         1625    .ARM.Collect$$rtexit$$00000003  c_w.l(rtexit2.o)
    0x08000114   0x00000006   Code   RO         1626    .ARM.Collect$$rtexit$$00000004  c_w.l(rtexit2.o)
    0x0800011a   0x00000002   PAD
    0x0800011c   0x00000040   Code   RO         1201    .text               startup_stm32f10x_md.o
    0x0800015c   0x0000008a   Code   RO         1535    .text               c_w.l(rt_memcpy_v6.o)
    0x080001e6   0x00000044   Code   RO         1537    .text               c_w.l(rt_memclr.o)
    0x0800022a   0x0000004e   Code   RO         1539    .text               c_w.l(rt_memclr_w.o)
    0x08000278   0x00000006   Code   RO         1541    .text               c_w.l(heapauxi.o)
    0x0800027e   0x00000064   Code   RO         1546    .text               c_w.l(rt_memcpy_w.o)
    0x080002e2   0x0000004a   Code   RO         1563    .text               c_w.l(sys_stackheap_outer.o)
    0x0800032c   0x00000012   Code   RO         1565    .text               c_w.l(exit.o)
    0x0800033e   0x00000002   PAD
    0x08000340   0x00000008   Code   RO         1573    .text               c_w.l(libspace.o)
    0x08000348   0x0000000c   Code   RO         1634    .text               c_w.l(sys_exit.o)
    0x08000354   0x00000002   Code   RO         1645    .text               c_w.l(use_no_semi.o)
    0x08000356   0x00000000   Code   RO         1647    .text               c_w.l(indicate_semi.o)
    0x08000356   0x00000004   Code   RO          372    i.BusFault_Handler  stm32f10x_it.o
    0x0800035a   0x00000002   PAD
    0x0800035c   0x00000018   Code   RO         1156    i.DMA1_Channel4_IRQHandler  dma.o
    0x08000374   0x0000001c   Code   RO          965    i.DMA_ClearFlag     stm32f10x_dma.o
    0x08000390   0x00000018   Code   RO          967    i.DMA_Cmd           stm32f10x_dma.o
    0x080003a8   0x0000014c   Code   RO          968    i.DMA_DeInit        stm32f10x_dma.o
    0x080004f4   0x0000002c   Code   RO          970    i.DMA_GetFlagStatus  stm32f10x_dma.o
    0x08000520   0x0000003c   Code   RO          973    i.DMA_Init          stm32f10x_dma.o
    0x0800055c   0x00000002   Code   RO          373    i.DebugMon_Handler  stm32f10x_it.o
    0x0800055e   0x00000116   Code   RO          641    i.GPIO_Init         stm32f10x_gpio.o
    0x08000674   0x00000004   Code   RO          648    i.GPIO_ResetBits    stm32f10x_gpio.o
    0x08000678   0x00000004   Code   RO          649    i.GPIO_SetBits      stm32f10x_gpio.o
    0x0800067c   0x00000004   Code   RO          374    i.HardFault_Handler  stm32f10x_it.o
    0x08000680   0x00000064   Code   RO         1092    i.LED_buzzer_init   led_buzzer.o
    0x080006e4   0x00000004   Code   RO          375    i.MemManage_Handler  stm32f10x_it.o
    0x080006e8   0x00000002   Code   RO          376    i.NMI_Handler       stm32f10x_it.o
    0x080006ea   0x00000002   PAD
    0x080006ec   0x00000070   Code   RO          929    i.NVIC_Init         misc.o
    0x0800075c   0x00000014   Code   RO          930    i.NVIC_PriorityGroupConfig  misc.o
    0x08000770   0x00000002   Code   RO          377    i.PendSV_Handler    stm32f10x_it.o
    0x08000772   0x00000002   PAD
    0x08000774   0x00000020   Code   RO          436    i.RCC_AHBPeriphClockCmd  stm32f10x_rcc.o
    0x08000794   0x00000020   Code   RO          439    i.RCC_APB2PeriphClockCmd  stm32f10x_rcc.o
    0x080007b4   0x000000d4   Code   RO          447    i.RCC_GetClocksFreq  stm32f10x_rcc.o
    0x08000888   0x00000002   Code   RO          378    i.SVC_Handler       stm32f10x_it.o
    0x0800088a   0x00000008   Code   RO         1048    i.SetSysClock       system_stm32f10x.o
    0x08000892   0x00000002   PAD
    0x08000894   0x000000e0   Code   RO         1049    i.SetSysClockTo72   system_stm32f10x.o
    0x08000974   0x00000002   Code   RO          379    i.SysTick_Handler   stm32f10x_it.o
    0x08000976   0x00000002   PAD
    0x08000978   0x00000060   Code   RO         1051    i.SystemInit        system_stm32f10x.o
    0x080009d8   0x00000064   Code   RO         1116    i.USART1_IRQHandler  usart.o
    0x08000a3c   0x00000012   Code   RO          749    i.USART_ClearFlag   stm32f10x_usart.o
    0x08000a4e   0x00000018   Code   RO          753    i.USART_Cmd         stm32f10x_usart.o
    0x08000a66   0x00000012   Code   RO          754    i.USART_DMACmd      stm32f10x_usart.o
    0x08000a78   0x00000054   Code   RO          757    i.USART_GetITStatus  stm32f10x_usart.o
    0x08000acc   0x0000004a   Code   RO          759    i.USART_ITConfig    stm32f10x_usart.o
    0x08000b16   0x00000002   PAD
    0x08000b18   0x000000d8   Code   RO          760    i.USART_Init        stm32f10x_usart.o
    0x08000bf0   0x0000000a   Code   RO          767    i.USART_ReceiveData  stm32f10x_usart.o
    0x08000bfa   0x00000004   Code   RO          380    i.UsageFault_Handler  stm32f10x_it.o
    0x08000bfe   0x00000002   PAD
    0x08000c00   0x00000058   Code   RO          342    i.data_init         data_init.o
    0x08000c58   0x00000020   Code   RO         1157    i.dma_usart_chek_tx_state  dma.o
    0x08000c78   0x0000001c   Code   RO         1158    i.dma_usart_tx      dma.o
    0x08000c94   0x0000006c   Code   RO          218    i.dma_usart_tx_handle  message_send.o
    0x08000d00   0x00000024   Code   RO         1159    i.dma_usart_tx_restart  dma.o
    0x08000d24   0x0000003e   Code   RO          219    i.frame_complete_tx  message_send.o
    0x08000d62   0x00000002   PAD
    0x08000d64   0x0000002c   Code   RO          122    i.get_parser_buffers_length  message_analysis.o
    0x08000d90   0x0000002c   Code   RO          123    i.get_usart_buffers_length  message_analysis.o
    0x08000dbc   0x0000000c   Code   RO            1    i.main              main.o
    0x08000dc8   0x00000040   Code   RO          124    i.parser_init       message_analysis.o
    0x08000e08   0x000001d4   Code   RO          125    i.parser_moniter_add_buff  message_analysis.o
    0x08000fdc   0x0000007c   Code   RO          126    i.parser_rec_bar_data_deal  message_analysis.o
    0x08001058   0x00000058   Code   RO          127    i.parser_rec_bitmap_data_deal  message_analysis.o
    0x080010b0   0x00000090   Code   RO          128    i.parser_rec_date_data_deal  message_analysis.o
    0x08001140   0x00000234   Code   RO          129    i.parser_rec_int_data_deal  message_analysis.o
    0x08001374   0x0000003c   Code   RO          130    i.parser_rec_page_data_deal  message_analysis.o
    0x080013b0   0x00000058   Code   RO          131    i.parser_rec_select_data_deal  message_analysis.o
    0x08001408   0x00000458   Code   RO          132    i.parser_rec_string_data_deal  message_analysis.o
    0x08001860   0x00000060   Code   RO          133    i.parser_rec_time_data_deal  message_analysis.o
    0x080018c0   0x00000002   Code   RO         1104    i.screen_init       screen.o
    0x080018c2   0x00000002   PAD
    0x080018c4   0x000000e4   Code   RO          134    i.serial_parser_comm_analysis  message_analysis.o
    0x080019a8   0x00000010   Code   RO           67    i.sys_manager_handle  sys_manager.o
    0x080019b8   0x00000022   Code   RO           68    i.sys_manager_init  sys_manager.o
    0x080019da   0x00000002   PAD
    0x080019dc   0x000000d4   Code   RO         1160    i.usart1_dma_init   dma.o
    0x08001ab0   0x0000001c   Code   RO         1161    i.usart1_get_tx_dma_tc_state  dma.o
    0x08001acc   0x00000084   Code   RO          135    i.usart_analysis_handle  message_analysis.o
    0x08001b50   0x00000020   Code   RO         1117    i.usart_data_init   usart.o
    0x08001b70   0x000000c8   Code   RO         1118    i.usart_init        usart.o
    0x08001c38   0x0000000c   Code   RO          220    i.usart_send_handle  message_send.o
    0x08001c44   0x00000070   Code   RO          221    i.usart_tx          message_send.o
    0x08001cb4   0x0000002c   Code   RO          355    i.user_control_handle  user_control.o
    0x08001ce0   0x0000003e   Code   RO          224    i.write_char        message_send.o
    0x08001d1e   0x0000003c   Code   RO          227    i.write_int         message_send.o
    0x08001d5a   0x00000002   PAD
    0x08001d5c   0x00000000   Data   RO         1700    Region$$Table       anon$$obj.o


    Execution Region RW_IRAM1 (Base: 0x20000000, Size: 0x00001618, Max: 0x00010000, ABSOLUTE)

    Base Addr    Size         Type   Attr      Idx    E Section Name        Object

    0x20000000   0x00000001   Data   RW           70    .data               sys_manager.o
    0x20000001   0x00000014   Data   RW          467    .data               stm32f10x_rcc.o
    0x20000015   0x00000003   PAD
    0x20000018   0x0000057c   Zero   RW           69    .bss                sys_manager.o
    0x20000594   0x00000214   Zero   RW          136    .bss                message_analysis.o
    0x200007a8   0x0000080a   Zero   RW         1119    .bss                usart.o
    0x20000fb2   0x00000002   PAD
    0x20000fb4   0x00000060   Zero   RW         1574    .bss                c_w.l(libspace.o)
    0x20001014   0x00000004   PAD
    0x20001018   0x00000200   Zero   RW         1199    HEAP                startup_stm32f10x_md.o
    0x20001218   0x00000400   Zero   RW         1198    STACK               startup_stm32f10x_md.o

